/Treesitter ld o cc error:
-brew unlink binutils para usar el ld de usr/bin
-
sudo yum install libstdc++.x86_64
sudo yum install libstdc++-devel.x86_64
sudo yum install libstdc++-static.x86_64

/Treesitter cannot execute cc1plus
yum install gcc-c++

/no brew after reboot
put brew in your path

/no telescope greb search
install ripgrep
if you using fzfwriter + instal fzf

/telescope no find libsqlite3.so
$ sudo dnf install sqlite
 sudo dnf install sqlite-devel sqlite-tcl

